// 同步 ID: 6f98bbd1 @ Sat Jul 25 15:57:56 UTC 2026
// 同步 ID: 936a5f22 @ Sun Jul 26 01:36:39 UTC 2026
// 同步 ID: afeae391 @ Sun Jul 26 14:18:05 UTC 2026
// 重构日志: 97a4ee38
// 同步 ID: 055052f0 @ Sun Jul 26 19:55:02 UTC 2026
// 同步 ID: 9db722ed @ Mon Jul 27 00:24:26 UTC 2026
// 同步 ID: 51081de6 @ Mon Jul 27 06:23:04 UTC 2026
// 重构日志: c5214fd8
// 重构日志: caf85b85
// 同步 ID: 5655e1b1 @ Tue Jul 28 10:25:56 UTC 2026
// 重构日志: ca16ee76
// 同步 ID: 89b6a05f @ Tue Jul 28 17:22:17 UTC 2026
// 同步 ID: 358df424 @ Wed Jul 29 08:09:50 UTC 2026
// 重构日志: 4c2faedd
// 重构日志: 1e858ba7
// 重构日志: e7bf5df2
// 重构日志: 8d27636a
// 重构日志: adfca39d
// 重构日志: ffc5b00c
// 同步 ID: d897a8f6 @ Sat Aug  1 01:59:56 UTC 2026
// 重构日志: d3641095
// 重构日志: 0f5e81ad
// 重构日志: 223a4dbb
// 同步 ID: e454a406 @ Sun Aug  2 10:22:32 UTC 2026
// 重构日志: 6bae62ea
// 同步 ID: 8c3922f6 @ Sun Aug  2 16:37:29 UTC 2026
// 重构日志: 6a7b1091
// 同步 ID: 331cd065 @ Mon Aug  3 06:07:56 UTC 2026
// 重构日志: dc424c78
// 同步 ID: 9ae395da @ Tue Aug  4 07:26:58 UTC 2026
// 重构日志: 17c3c6d3
